[vnqst.it/index.html]
[backblue.gif]
[fade.gif]
[index.html]
[cdn.vnqst.it/std/logo_v6_viola.png]
[cdnjs.cloudflare.com/ajax/libs/font-awesome/5.15.3/css/all.min.css]
[cdn.vnqst.it/std/vnqst_scritta.png]
[cdn.discordapp.com/attachments/735572273309941792/963060221171888138/SfondoVuoto.png]
[cdn.vnqst.it/std/logo7animato.gif]
[cdn.vnqst.it/std/banner7.png]
[vnqst.it/assets/img/server/1.png]
[vnqst.it/assets/img/server/2.png]
[vnqst.it/assets/img/server/3.png]
[vnqst.it/assets/img/server/4.png]
[vnqst.it/assets/img/server/5.png]
[vnqst.it/assets/img/server/6.jpg]
[vnqst.it/assets/img/server/7.jpg]
[vnqst.it/assets/img/server/8.jpg]
[vnqst.it/assets/img/server/9.jpg]
[vnqst.it/assets/vendor/jquery/jquery.min.js]
[vnqst.it/assets/vendor/bootstrap/js/bootstrap.bundle.min.js]
[vnqst.it/assets/vendor/jquery.easing/jquery.easing.min.js]
[vnqst.it/assets/vendor/php-email-form/validate.js]
[vnqst.it/assets/vendor/waypoints/jquery.waypoints.min.js]
[vnqst.it/assets/vendor/counterup/counterup.min.js]
[vnqst.it/assets/vendor/isotope-layout/isotope.pkgd.min.js]
[vnqst.it/assets/vendor/venobox/venobox.min.js]
[vnqst.it/assets/vendor/owl.carousel/owl.carousel.min.js]
[vnqst.it/assets/js/main.js]
[vnqst.it/index.html]
[vnqst.it/assets/img/apple-touch-icon.html]
[vnqst.it/assets/vendor/bootstrap/css/bootstrap.min.css]
[vnqst.it/assets/vendor/icofont/fonts/icofont.woff2]
[vnqst.it/assets/vendor/icofont/fonts/icofont.woff]
[vnqst.it/assets/vendor/icofont/icofont.min.css]
[vnqst.it/assets/vendor/boxicons/fonts/boxicons.eot]
[vnqst.it/assets/vendor/boxicons/fonts/boxicons.woff2]
[vnqst.it/assets/vendor/boxicons/fonts/boxicons.woff]
[vnqst.it/assets/vendor/boxicons/fonts/boxicons.ttf]
[vnqst.it/assets/vendor/boxicons/css/boxicons.min.css]
[vnqst.it/assets/vendor/animate.css/animate.min.css]
[vnqst.it/assets/vendor/venobox/venobox.css]
[vnqst.it/assets/vendor/owl.carousel/assets/owl.video.play.png]
[vnqst.it/assets/vendor/owl.carousel/assets/owl.carousel.min.css]
[cdnjs.cloudflare.com/ajax/libs/font-awesome/5.15.3/css/all.min.css]
[vnqst.it/assets/vnqst.ttf]
[cdn.vnqst.it/std/vnqst_v6_animato.gif]
[vnqst.it/assets/css/style.css]
[vnqst.it/ts3server_/vnqst.html]
[vnqst.it/assets/vendor/boxicons/fonts/boxiconsd41d.svg]
